// Jest Snapshot v1, https://goo.gl/fbAQLP

exports[`develop-static-entry onPreRenderHTML can be used to replace headComponents 1`] = `"<!DOCTYPE html><html><head><meta charSet=\\"utf-8\\"/><meta http-equiv=\\"x-ua-compatible\\" content=\\"ie=edge\\"/><meta name=\\"viewport\\" content=\\"width=device-width, initial-scale=1, shrink-to-fit=no\\"/><style> .style3  </style><style> .style2  </style><style> .style1  </style><script src=\\"/socket.io/socket.io.js\\"></script></head><body><noscript id=\\"gatsby-noscript\\">This app works best with JavaScript enabled.</noscript><div id=\\"___gatsby\\"></div><script src=\\"/commons.js\\"></script></body></html>"`;

exports[`develop-static-entry onPreRenderHTML can be used to replace postBodyComponents 1`] = `"<!DOCTYPE html><html><head><meta charSet=\\"utf-8\\"/><meta http-equiv=\\"x-ua-compatible\\" content=\\"ie=edge\\"/><meta name=\\"viewport\\" content=\\"width=device-width, initial-scale=1, shrink-to-fit=no\\"/><script src=\\"/socket.io/socket.io.js\\"></script></head><body><noscript id=\\"gatsby-noscript\\">This app works best with JavaScript enabled.</noscript><div id=\\"___gatsby\\"></div><div> div3 </div><div> div2 </div><div> div1 </div><script src=\\"/commons.js\\"></script></body></html>"`;

exports[`develop-static-entry onPreRenderHTML can be used to replace preBodyComponents 1`] = `"<!DOCTYPE html><html><head><meta charSet=\\"utf-8\\"/><meta http-equiv=\\"x-ua-compatible\\" content=\\"ie=edge\\"/><meta name=\\"viewport\\" content=\\"width=device-width, initial-scale=1, shrink-to-fit=no\\"/><script src=\\"/socket.io/socket.io.js\\"></script></head><body><div> div3 </div><div> div2 </div><div> div1 </div><noscript id=\\"gatsby-noscript\\">This app works best with JavaScript enabled.</noscript><div id=\\"___gatsby\\"></div><script src=\\"/commons.js\\"></script></body></html>"`;

exports[`static-entry onPreRenderHTML can be used to replace headComponents 1`] = `"<!DOCTYPE html><html><head><meta charSet=\\"utf-8\\"/><meta http-equiv=\\"x-ua-compatible\\" content=\\"ie=edge\\"/><meta name=\\"viewport\\" content=\\"width=device-width, initial-scale=1, shrink-to-fit=no\\"/><style> .style3  </style><style> .style2  </style><style> .style1  </style><meta name=\\"generator\\" content=\\"Gatsby 2.0.0\\"/></head><body><noscript id=\\"gatsby-noscript\\">This app works best with JavaScript enabled.</noscript><div id=\\"___gatsby\\"><div style=\\"outline:none\\" tabindex=\\"-1\\" role=\\"group\\"></div></div><script id=\\"gatsby-script-loader\\">/*<![CDATA[*/window.page={\\"path\\":\\"/about/\\",\\"componentChunkName\\":\\"page-component---src-pages-test-js\\",\\"jsonName\\":\\"about.json\\"};/*]]>*/</script><script id=\\"gatsby-chunk-mapping\\">/*<![CDATA[*/window.___chunkMapping={};/*]]>*/</script></body></html>"`;

exports[`static-entry onPreRenderHTML can be used to replace postBodyComponents 1`] = `"<!DOCTYPE html><html><head><meta charSet=\\"utf-8\\"/><meta http-equiv=\\"x-ua-compatible\\" content=\\"ie=edge\\"/><meta name=\\"viewport\\" content=\\"width=device-width, initial-scale=1, shrink-to-fit=no\\"/><meta name=\\"generator\\" content=\\"Gatsby 2.0.0\\"/></head><body><noscript id=\\"gatsby-noscript\\">This app works best with JavaScript enabled.</noscript><div id=\\"___gatsby\\"><div style=\\"outline:none\\" tabindex=\\"-1\\" role=\\"group\\"></div></div><script id=\\"gatsby-chunk-mapping\\">/*<![CDATA[*/window.___chunkMapping={};/*]]>*/</script><script id=\\"gatsby-script-loader\\">/*<![CDATA[*/window.page={\\"path\\":\\"/about/\\",\\"componentChunkName\\":\\"page-component---src-pages-test-js\\",\\"jsonName\\":\\"about.json\\"};/*]]>*/</script><div> div3 </div><div> div2 </div><div> div1 </div></body></html>"`;

exports[`static-entry onPreRenderHTML can be used to replace preBodyComponents 1`] = `"<!DOCTYPE html><html><head><meta charSet=\\"utf-8\\"/><meta http-equiv=\\"x-ua-compatible\\" content=\\"ie=edge\\"/><meta name=\\"viewport\\" content=\\"width=device-width, initial-scale=1, shrink-to-fit=no\\"/><meta name=\\"generator\\" content=\\"Gatsby 2.0.0\\"/></head><body><div> div3 </div><div> div2 </div><div> div1 </div><noscript id=\\"gatsby-noscript\\">This app works best with JavaScript enabled.</noscript><div id=\\"___gatsby\\"><div style=\\"outline:none\\" tabindex=\\"-1\\" role=\\"group\\"></div></div><script id=\\"gatsby-script-loader\\">/*<![CDATA[*/window.page={\\"path\\":\\"/about/\\",\\"componentChunkName\\":\\"page-component---src-pages-test-js\\",\\"jsonName\\":\\"about.json\\"};/*]]>*/</script><script id=\\"gatsby-chunk-mapping\\">/*<![CDATA[*/window.___chunkMapping={};/*]]>*/</script></body></html>"`;
